 driver-disk

 Timestamp is 5b55ec8b (Mon Jul 23 16:56:11 2018)

 Preferred load address is 0000000140000000

 Start         Length     Name                   Class
 0001:00000000 00000320H .text$mn                CODE
 0001:00000320 00000042H .text$s                 CODE
 0002:00000000 00000080H .idata$5                DATA
 0002:00000080 0000001cH .rdata                  DATA
 0002:0000009c 000000e4H .rdata$zzzdbg           DATA
 0002:00000180 00000080H .xdata                  DATA
 0003:00000000 00000038H .bss                    DATA
 0004:00000000 0000003cH .pdata                  DATA
 0005:00000000 00000014H .idata$2                DATA
 0005:00000014 00000014H .idata$3                DATA
 0005:00000028 00000080H .idata$4                DATA
 0005:000000a8 00000158H .idata$6                DATA

  Address         Publics by Value              Rva+Base               Lib:Object

 0000:00000000       __guard_flags              0000000000000000     <absolute>
 0000:00000000       __guard_fids_table         0000000000000000     <absolute>
 0000:00000000       __guard_iat_table          0000000000000000     <absolute>
 0000:00000000       __guard_longjmp_count      0000000000000000     <absolute>
 0000:00000000       ___safe_se_handler_count   0000000000000000     <absolute>
 0000:00000000       __guard_longjmp_table      0000000000000000     <absolute>
 0000:00000000       ___safe_se_handler_table   0000000000000000     <absolute>
 0000:00000000       __enclave_config           0000000000000000     <absolute>
 0000:00000000       __guard_iat_count          0000000000000000     <absolute>
 0000:00000000       __guard_fids_count         0000000000000000     <absolute>
 0000:00000000       __hybrid_auxiliary_iat     0000000000000000     <absolute>
 0000:00000000       __hybrid_code_map_count    0000000000000000     <absolute>
 0000:00000000       __dynamic_value_reloc_table 0000000000000000     <absolute>
 0000:00000000       __hybrid_code_map          0000000000000000     <absolute>
 0001:00000000       DriverDispatch             0000000140001000 f   main.obj
 0001:00000120       DriverEntry                0000000140001120 f   main.obj
 0001:000001ec       DriverUnload               00000001400011ec f   main.obj
 0001:00000214       RPM                        0000000140001214 f   main.obj
 0001:0000028c       WPM                        000000014000128c f   main.obj
 0001:00000306       MmCopyVirtualMemory        0000000140001306 f   ntoskrnl:ntoskrnl.exe
 0001:0000030c       __C_specific_handler       000000014000130c f   ntoskrnl:ntoskrnl.exe
 0001:00000320       ??_C@_1BK@DMJFENL@?$AA?2?$AAD?$AAe?$AAv?$AAi?$AAc?$AAe?$AA?2?$AAA?$AAs?$AAu?$AAs?$AA?$AA@FNODOBFM@ 0000000140001320     main.obj
 0001:00000340       ??_C@_1CC@FCIJJCAF@?$AA?2?$AAD?$AAo?$AAs?$AAD?$AAe?$AAv?$AAi?$AAc?$AAe?$AAs?$AA?2?$AAA?$AAs?$AAu?$AAs?$AA?$AA@FNODOBFM@ 0000000140001340     main.obj
 0002:00000000       __imp_RtlInitUnicodeString 0000000140002000     ntoskrnl:ntoskrnl.exe
 0002:00000008       __imp_ProbeForRead         0000000140002008     ntoskrnl:ntoskrnl.exe
 0002:00000010       __imp_ProbeForWrite        0000000140002010     ntoskrnl:ntoskrnl.exe
 0002:00000018       __imp_IofCompleteRequest   0000000140002018     ntoskrnl:ntoskrnl.exe
 0002:00000020       __imp_IoCreateDevice       0000000140002020     ntoskrnl:ntoskrnl.exe
 0002:00000028       __imp_IoCreateSymbolicLink 0000000140002028     ntoskrnl:ntoskrnl.exe
 0002:00000030       __imp_IoDeleteDevice       0000000140002030     ntoskrnl:ntoskrnl.exe
 0002:00000038       __imp_IoDeleteSymbolicLink 0000000140002038     ntoskrnl:ntoskrnl.exe
 0002:00000040       __imp_IoGetCurrentProcess  0000000140002040     ntoskrnl:ntoskrnl.exe
 0002:00000048       __imp_KeAttachProcess      0000000140002048     ntoskrnl:ntoskrnl.exe
 0002:00000050       __imp_KeDetachProcess      0000000140002050     ntoskrnl:ntoskrnl.exe
 0002:00000058       __imp_PsLookupProcessByProcessId 0000000140002058     ntoskrnl:ntoskrnl.exe
 0002:00000060       __imp_MmCopyVirtualMemory  0000000140002060     ntoskrnl:ntoskrnl.exe
 0002:00000068       __imp_PsGetProcessSectionBaseAddress 0000000140002068     ntoskrnl:ntoskrnl.exe
 0002:00000070       __imp___C_specific_handler 0000000140002070     ntoskrnl:ntoskrnl.exe
 0002:00000078       \177ntoskrnl_NULL_THUNK_DATA 0000000140002078     ntoskrnl:ntoskrnl.exe
 0003:00000000       process                    0000000140003000     <common>
 0003:00000008       PID                        0000000140003008     <common>
 0003:00000010       dos                        0000000140003010     <common>
 0003:00000020       dev                        0000000140003020     <common>
 0003:00000030       DeviceObject               0000000140003030     <common>
 0005:00000000       __IMPORT_DESCRIPTOR_ntoskrnl 0000000140005000     ntoskrnl:ntoskrnl.exe
 0005:00000014       __NULL_IMPORT_DESCRIPTOR   0000000140005014     ntoskrnl:ntoskrnl.exe

 entry point at        0001:00000120

 Static symbols

 0002:00000180       $unwind$DriverUnload       0000000140002180     main.obj
 0002:0000018c       $unwind$RPM                000000014000218c     main.obj
 0002:000001b8       $unwind$WPM                00000001400021b8     main.obj
 0002:000001e4       $unwind$DriverDispatch     00000001400021e4     main.obj
 0002:000001f4       $unwind$DriverEntry        00000001400021f4     main.obj
 0004:00000000       $pdata$DriverDispatch      0000000140004000     main.obj
 0004:0000000c       $pdata$DriverEntry         000000014000400c     main.obj
 0004:00000018       $pdata$DriverUnload        0000000140004018     main.obj
 0004:00000024       $pdata$RPM                 0000000140004024     main.obj
 0004:00000030       $pdata$WPM                 0000000140004030     main.obj
 0005:000001f2       .idata$6                   00000001400051f2     ntoskrnl:ntoskrnl.exe

 Exports

  ordinal    name

